../Core/Src/app_log.c:33:13:Log_Save	120	static
../Core/Src/app_log.c:72:6:Log_Init	8	static
../Core/Src/app_log.c:90:6:Log_Info	16	static
../Core/Src/app_log.c:95:6:Log_Warning	16	static
../Core/Src/app_log.c:100:6:Log_Error	16	static
../Core/Src/app_log.c:105:13:Log_GetLastEvent	4	static
../Core/Src/app_log.c:110:12:Log_GetLastLevel	4	static
../Core/Src/app_log.c:115:13:Log_GetLevelString	16	static
../Core/Src/app_log.c:133:10:Log_GetInfoCount	4	static
../Core/Src/app_log.c:138:10:Log_GetWarningCount	4	static
../Core/Src/app_log.c:143:10:Log_GetErrorCount	4	static
